// Jest Snapshot v1, https://goo.gl/fbAQLP

exports[`common#nodeLoc should work 1`] = `"line 1, column 0"`;
