// Jest Snapshot v1, https://goo.gl/fbAQLP

exports[`nodeLoc() should have fallback text 1`] = `"unknown"`;

exports[`nodeLoc() should work 1`] = `"line 1, column 0"`;
