// Jest Snapshot v1, https://goo.gl/fbAQLP

exports[`defineMacro should work 1`] = `
Macro { "name": "test", "__types": "type A = string
  /* NO_OP */
  export function test(): void" }
`;
