// Jest Snapshot v1, https://goo.gl/fbAQLP

exports[`renderMetaType() should work 1`] = `
"type A = string
  /* hello */
  export function macro(): A"
`;
